
> mvp-project-road-helper@0.1.0 build
> next build

Γû▓ Next.js 16.1.4 (Turbopack)
- Environments: .env.local

  Creating an optimized production build ...
Γ£ô Compiled successfully in 12.3s
  Running TypeScript ...
node.exe : Failed to compile.
At line:1 char:1
+ & "C:\Program Files\nodejs/node.exe" 
"C:\Users\AliMazhar\AppData\Roam ...
+ ~~~~~~~~~~~~~~~~~~~~~~~~~~~~~~~~~~~~~~~~~~~~~~
~~~~~~~~~~~~~~~~~~~~~~~
    + CategoryInfo          : NotSpecified: (Fa 
   iled to compile.:String) [], RemoteExceptio  
  n
    + FullyQualifiedErrorId : NativeCommandErro 
   r
 

./app/admin/dashboard/page.tsx:745:26
Type error: Cannot find name 'ActionIcon'.

[0m [90m 743 |[39m                       [33
m<[39m[33m/[39m[33mTable[39m[33m.[39m[33
mTd[39m[33m>[39m
 [90m 744 |[39m                       [33m<[
39m[33mTable[39m[33m.[39m[33mTd[39m[33m>
[39m
[31m[1m>[22m[39m[90m 745 |[39m            
             [33m<[39m[33mActionIcon[39m
 [90m     |[39m                          
[31m[1m^[22m[39m
 [90m 746 |[39m                           
variant[33m=[39m[32m"subtle"[39m
 [90m 747 |[39m                           
color[33m=[39m[32m"gray"[39m
 [90m 748 |[39m                           
radius[33m=[39m[32m"lg"[39m[0m
Next.js build worker exited with code: 1 and 
signal: null
