app/helper/profile/page.tsx(145,9): error TS2353: Object literal may only specify known properties, and 'serviceType' does not exist in type 'Partial<{ displayName: string; phone: string; email: string; profileImage: string; }>'.
app/helper/profile/page.tsx(249,64): error TS2322: Type '{ children: string; c: "dimmed"; size: "sm"; tt: "uppercase"; fw: number; ls: string; }' is not assignable to type 'IntrinsicAttributes & TextProps & ComponentProp<"p"> & Omit<Omit<DetailedHTMLProps<HTMLAttributes<HTMLParagraphElement>, HTMLParagraphElement>, "ref">, "component" | keyof TextProps> & { ...; }'.
  Property 'ls' does not exist on type 'IntrinsicAttributes & TextProps & ComponentProp<"p"> & Omit<Omit<DetailedHTMLProps<HTMLAttributes<HTMLParagraphElement>, HTMLParagraphElement>, "ref">, "component" | keyof TextProps> & { ...; }'.
lib/services/requestService.ts(191,5): error TS2304: Cannot find name 'limit'.
